// Jest Snapshot v1, https://goo.gl/fbAQLP

exports[`Should render edit expense page 1`] = `
<div>
  <ExpenseForm
    expense={
      Object {
        "amount": 500,
        "createdAt": 86400000,
        "description": "car",
        "id": "2",
        "note": "june",
      }
    }
    onSubmit={[Function]}
  />
  <button
    onClick={[Function]}
  >
    Remove
  </button>
</div>
`;
