// Jest Snapshot v1, https://goo.gl/fbAQLP

exports[`Should render an expense object 1`] = `
<div>
  <Link
    replace={false}
    to="/edit/2"
  >
    <h1>
      car
    </h1>
  </Link>
  <p>
    june
  </p>
  <p>
    $5.00
     -
    January 4th, 1970
  </p>
</div>
`;
