// Jest Snapshot v1, https://goo.gl/fbAQLP

exports[`Sould render dashboard two components 1`] = `
<div>
  <Connect(ExpenseSammary) />
  <Connect(ExpenseListFilters) />
  <Connect(ExpenseList) />
</div>
`;
