// Jest Snapshot v1, https://goo.gl/fbAQLP

exports[`Should render help page 1`] = `
<div>
  404! 
  <Link
    replace={false}
    to="/"
  >
    Home
  </Link>
</div>
`;
